// Jest Snapshot v1, https://goo.gl/fbAQLP

exports[`DisplayPanel Should render 1`] = `
<div>
  <div>
    /
  </div>
</div>
`;
